{
    "chunked-intermediates": {
        "content": [
            [
                "example_pgen_qt",
                "example_pgen_qt/example_pgen_qt.regenie_step1_1.loco.gz",
                "example_pgen_qt/example_pgen_qt.regenie_step1_pred.list"
            ],
            [
                "example_pgen_qt/example_pgen_qt.regenie_step1_1.loco.gz:md5,4de837e270dc8a0ebb2b3053b81f7841"
            ],
            [
                "PHENO example_pgen_qt.regenie_step1_1.loco.gz"
            ]
        ],
        "meta": {
            "nf-test": "0.9.3",
            "nextflow": "25.10.4"
        },
        "timestamp": "2026-07-30T03:11:55.949565143"
    },
    "binary-harmonised": {
        "content": [
            [
                "example_pgen_bt",
                "example_pgen_bt/example_pgen_bt.regenie.gwaslab.tsv.gz"
            ],
            [
                "example_pgen_bt/example_pgen_bt.regenie.gwaslab.tsv.gz:md5,102af96d4343984a2218527a8acb1c49"
            ]
        ],
        "meta": {
            "nf-test": "0.9.3",
            "nextflow": "25.10.4"
        },
        "timestamp": "2026-07-30T03:12:38.937836717"
    },
    "binary-native": {
        "content": [
            [
                "example_pgen_bt",
                "example_pgen_bt/example_pgen_bt.regenie.gz"
            ],
            [
                "example_pgen_bt/example_pgen_bt.regenie.gz:md5,4bad477d90907472443a41bd662c23eb"
            ]
        ],
        "meta": {
            "nf-test": "0.9.3",
            "nextflow": "25.10.4"
        },
        "timestamp": "2026-07-30T03:12:38.933752817"
    },
    "versions": {
        "content": [
            {
                "GWASLAB_HARMONIZE": {
                    "gwaslab": "4.1.9"
                },
                "NORMALISE_PHENOTYPES": {
                    "python": "3.14.5"
                },
                "REGENIE_STEP1": {
                    "regenie": "4.1.2"
                },
                "REGENIE_STEP2": {
                    "regenie": "4.1.2"
                },
                "Workflow": {
                    "nf-core/gwas": "v1.0.0dev"
                }
            }
        ],
        "meta": {
            "nf-test": "0.9.3",
            "nextflow": "25.10.4"
        },
        "timestamp": "2026-07-30T01:48:19.295392273"
    },
    "standard-harmonised": {
        "content": [
            [
                "example_pgen_qt",
                "example_pgen_qt/example_pgen_qt.regenie.gwaslab.tsv.gz"
            ],
            [
                "example_pgen_qt/example_pgen_qt.regenie.gwaslab.tsv.gz:md5,115c9e0d677f93de505c2f11bc072dde"
            ]
        ],
        "meta": {
            "nf-test": "0.9.3",
            "nextflow": "25.10.4"
        },
        "timestamp": "2026-07-30T03:11:18.863923346"
    },
    "standard-native": {
        "content": [
            [
                "example_pgen_qt",
                "example_pgen_qt/example_pgen_qt.regenie.gz"
            ],
            [
                "example_pgen_qt/example_pgen_qt.regenie.gz:md5,35ba822a0fb9cfb1fe916d9b2ef9a6eb"
            ]
        ],
        "meta": {
            "nf-test": "0.9.3",
            "nextflow": "25.10.4"
        },
        "timestamp": "2026-07-30T03:11:18.857877083"
    },
    "chunked-harmonised": {
        "content": [
            [
                "example_pgen_qt",
                "example_pgen_qt/example_pgen_qt.regenie.gwaslab.tsv.gz"
            ],
            [
                "example_pgen_qt/example_pgen_qt.regenie.gwaslab.tsv.gz:md5,115c9e0d677f93de505c2f11bc072dde"
            ]
        ],
        "meta": {
            "nf-test": "0.9.3",
            "nextflow": "25.10.4"
        },
        "timestamp": "2026-07-30T03:11:55.944047366"
    },
    "chunked-native": {
        "content": [
            [
                "example_pgen_qt",
                "example_pgen_qt/example_pgen_qt.regenie.gz"
            ],
            [
                "example_pgen_qt/example_pgen_qt.regenie.gz:md5,35ba822a0fb9cfb1fe916d9b2ef9a6eb"
            ]
        ],
        "meta": {
            "nf-test": "0.9.3",
            "nextflow": "25.10.4"
        },
        "timestamp": "2026-07-30T03:11:55.939065321"
    }
}