{
    "-profile test": {
        "content": [
            {
                "GWASLAB_HARMONIZE": {
                    "gwaslab": "4.1.9"
                },
                "NORMALISE_PHENOTYPES": {
                    "python": "3.14.5"
                },
                "PLINK2_GLM": {
                    "plink2": "2.0.0-a.6.9LM"
                },
                "PLINK2_MAKEPGEN": {
                    "plink2": "2.0.0-a.6.9LM"
                },
                "PLINK2_VCF": {
                    "plink2": "2.0.0-a.6.9LM"
                },
                "Workflow": {
                    "nf-core/gwas": "v1.0.0dev"
                }
            },
            [
                "association",
                "association/plink2",
                "association/plink2/example_pgen_bt",
                "association/plink2/example_pgen_bt/example_pgen_bt.plink2.glm.logistic.hybrid",
                "association/plink2/example_pgen_qt",
                "association/plink2/example_pgen_qt/example_pgen_qt.plink2.glm.linear",
                "multiqc",
                "multiqc/multiqc_data",
                "multiqc/multiqc_data/llms-full.txt",
                "multiqc/multiqc_data/multiqc.log",
                "multiqc/multiqc_data/multiqc.parquet",
                "multiqc/multiqc_data/multiqc_citations.txt",
                "multiqc/multiqc_data/multiqc_data.json",
                "multiqc/multiqc_data/multiqc_software_versions.txt",
                "multiqc/multiqc_data/multiqc_sources.txt",
                "multiqc/multiqc_report.html",
                "pipeline_info",
                "pipeline_info/nf_core_gwas_software_mqc_versions.yml",
                "summary_statistics",
                "summary_statistics/example_pgen_bt",
                "summary_statistics/example_pgen_bt/example_pgen_bt.plink2.gwaslab.tsv.gz",
                "summary_statistics/example_pgen_qt",
                "summary_statistics/example_pgen_qt/example_pgen_qt.plink2.gwaslab.tsv.gz"
            ],
            [
                "example_pgen_bt.plink2.glm.logistic.hybrid:md5,83d85cc0bda51b829ba43323abfd3530",
                "example_pgen_qt.plink2.glm.linear:md5,ea3c5efee75bd852b546b6be5d07db5c",
                "multiqc_citations.txt:md5,4c806e63a283ec1b7e78cdae3a923d4f",
                "example_pgen_bt.plink2.gwaslab.tsv.gz:md5,ccae9196e519b10d8e913e39923d6ee7",
                "example_pgen_qt.plink2.gwaslab.tsv.gz:md5,3ffa035c02e5caa6dfb48f0d0f9ea5e5"
            ]
        ],
        "meta": {
            "nf-test": "0.9.3",
            "nextflow": "25.10.4"
        },
        "timestamp": "2026-07-29T01:51:24.160867991"
    }
}