{
    "layout": {
        "content": [
            [
                "",
                "genie_covariates",
                "genie_covariates/genie_covariates.genie_g.log",
                "genie_covariates/genie_covariates.genie_g.out",
                "genie_covariates/genie_covariates.genie_g.provenance.json",
                "genie_plain",
                "genie_plain/genie_plain.genie_g.log",
                "genie_plain/genie_plain.genie_g.out",
                "genie_plain/genie_plain.genie_g.provenance.json",
                "genie_with_ldak",
                "genie_with_ldak/genie_with_ldak.genie_g.log",
                "genie_with_ldak/genie_with_ldak.genie_g.out",
                "genie_with_ldak/genie_with_ldak.genie_g.provenance.json"
            ]
        ],
        "timestamp": "2026-09-03T00:32:00.812077072",
        "meta": {
            "nf-test": "0.9.5",
            "nextflow": "26.04.6"
        }
    },
    "streamed": {
        "content": [
            "genie_with_ldak.genie_g.out:md5,64211cab889353f893383463618f2266",
            "genie_with_ldak.genie_g.provenance.json:md5,860b73d7d9323bd654b9f8a2cbe82ded"
        ],
        "timestamp": "2026-09-03T04:42:43.97454202",
        "meta": {
            "nf-test": "0.9.5",
            "nextflow": "26.04.6"
        }
    },
    "versions": {
        "content": [
            {
                "GENIE_G": {
                    "genie": "1.1.1"
                },
                "LDAK_ADJUSTGRM": {
                    "ldak6": 6
                },
                "LDAK_CALCKINS": {
                    "ldak6": 6
                },
                "LDAK_HE": {
                    "ldak6": 6
                },
                "PLINK2_MAKEBED": {
                    "plink2": "2.0.0-a.6.9LM"
                },
                "PREPARE_GENIE_INPUTS": {
                    "python": "3.14.5"
                },
                "PREPARE_PHENOTYPE_INPUTS": {
                    "python": "3.14.5"
                },
                "Workflow": {
                    "nf-core/gwas": "v1.0.0dev"
                }
            }
        ],
        "timestamp": "2026-09-03T00:32:00.799218121",
        "meta": {
            "nf-test": "0.9.5",
            "nextflow": "26.04.6"
        }
    },
    "heritability": {
        "content": [
            [
                "genie_plain.genie_g.log:md5,21d620162240bbc26c2f8c8711e19d2f",
                "genie_plain.genie_g.out:md5,eb7b252e3ae1a60644d9b9717f5fc880",
                "genie_plain.genie_g.provenance.json:md5,deb2a41c12d92eaf2d1e84b16c7d16d6"
            ],
            [
                "genie_covariates.genie_g.log:md5,45d9a257928068c6fa679fa4c6e61a89",
                "genie_covariates.genie_g.out:md5,d5d4f3a5e96a5e1ffb93cfd227742959",
                "genie_covariates.genie_g.provenance.json:md5,3db15a632d1fb02cccfef1f7bc9b7b4f"
            ]
        ],
        "timestamp": "2026-09-03T04:42:43.958576921",
        "meta": {
            "nf-test": "0.9.5",
            "nextflow": "26.04.6"
        }
    }
}