{
    "vcf-association": {
        "content": [
            [
                "regenie",
                "regenie/example_vcf_relational_qt",
                "regenie/example_vcf_relational_qt/example_vcf_relational_qt.regenie.gz"
            ],
            [
                "regenie/example_vcf_relational_qt/example_vcf_relational_qt.regenie.gz:md5,05fb502ea44e27f996066a1cfbf051c0"
            ]
        ],
        "timestamp": "2026-09-02T11:39:56.780469666",
        "meta": {
            "nf-test": "0.9.5",
            "nextflow": "26.04.6"
        }
    },
    "vcf-versions": {
        "content": [
            {
                "GWASLAB_HARMONIZE": {
                    "gwaslab": "4.1.9",
                    "python": "3.12.13"
                },
                "PLINK2_VCF": {
                    "plink2": "2.0.0-a.6.9LM"
                },
                "PREPARE_PHENOTYPE_INPUTS": {
                    "python": "3.14.5"
                },
                "REGENIE_STEP1": {
                    "regenie": "4.1.2"
                },
                "REGENIE_STEP2": {
                    "regenie": "4.1.2"
                },
                "Workflow": {
                    "nf-core/gwas": "v1.0.0dev"
                }
            }
        ],
        "timestamp": "2026-09-02T11:39:56.787763532",
        "meta": {
            "nf-test": "0.9.5",
            "nextflow": "26.04.6"
        }
    },
    "plink2-versions": {
        "content": [
            {
                "GWASLAB_HARMONIZE": {
                    "gwaslab": "4.1.9",
                    "python": "3.12.13"
                },
                "PREPARE_PHENOTYPE_INPUTS": {
                    "python": "3.14.5"
                },
                "REGENIE_STEP1": {
                    "regenie": "4.1.2"
                },
                "REGENIE_STEP2": {
                    "regenie": "4.1.2"
                },
                "Workflow": {
                    "nf-core/gwas": "v1.0.0dev"
                }
            }
        ],
        "timestamp": "2026-09-02T11:39:06.317177334",
        "meta": {
            "nf-test": "0.9.5",
            "nextflow": "26.04.6"
        }
    },
    "plink2-association": {
        "content": [
            [
                "regenie",
                "regenie/example_pgen_relational_qt",
                "regenie/example_pgen_relational_qt/example_pgen_relational_qt.regenie.gz"
            ],
            [
                "regenie/example_pgen_relational_qt/example_pgen_relational_qt.regenie.gz:md5,05fb502ea44e27f996066a1cfbf051c0"
            ]
        ],
        "timestamp": "2026-09-02T11:39:06.287258303",
        "meta": {
            "nf-test": "0.9.5",
            "nextflow": "26.04.6"
        }
    },
    "plink1-association": {
        "content": [
            [
                "regenie",
                "regenie/example_bfile_relational_qt",
                "regenie/example_bfile_relational_qt/example_bfile_relational_qt.regenie.gz"
            ],
            [
                "regenie/example_bfile_relational_qt/example_bfile_relational_qt.regenie.gz:md5,05fb502ea44e27f996066a1cfbf051c0"
            ]
        ],
        "timestamp": "2026-09-02T11:39:31.429762244",
        "meta": {
            "nf-test": "0.9.5",
            "nextflow": "26.04.6"
        }
    },
    "plink1-versions": {
        "content": [
            {
                "GWASLAB_HARMONIZE": {
                    "gwaslab": "4.1.9",
                    "python": "3.12.13"
                },
                "PLINK2_MAKEPGEN": {
                    "plink2": "2.0.0-a.6.9LM"
                },
                "PREPARE_PHENOTYPE_INPUTS": {
                    "python": "3.14.5"
                },
                "REGENIE_STEP1": {
                    "regenie": "4.1.2"
                },
                "REGENIE_STEP2": {
                    "regenie": "4.1.2"
                },
                "Workflow": {
                    "nf-core/gwas": "v1.0.0dev"
                }
            }
        ],
        "timestamp": "2026-09-02T11:39:31.437144552",
        "meta": {
            "nf-test": "0.9.5",
            "nextflow": "26.04.6"
        }
    }
}