{
    "versions": {
        "content": [
            {
                "CUSTOM_GCTAMERGEGRMPARTS": {
                    "coreutils": 9.5
                },
                "GCTA_BIVARIATEHEREG": {
                    "gcta": "1.94.1"
                },
                "GCTA_MAKEGRMPART": {
                    "gcta": "1.94.1"
                },
                "NORMALISE_GCTA_BIVARIATE": {
                    "python": "3.14.5"
                },
                "NORMALISE_PHENOTYPES": {
                    "python": "3.14.5"
                },
                "PREPARE_BIVARIATE_TRAITS": {
                    "python": "3.14.5"
                },
                "Workflow": {
                    "nf-core/gwas": "v1.0.0dev"
                }
            }
        ],
        "meta": {
            "nf-test": "0.9.3",
            "nextflow": "25.10.4"
        },
        "timestamp": "2026-08-26T07:34:40.064123786"
    }
}