{
    "homo_sapiens popgen - stub": {
        "content": [
            {
                "log": [
                    [
                        {
                            "id": "plink_simulated"
                        },
                        "plink_simulated.log"
                    ]
                ],
                "results": [
                    [
                        {
                            "id": "plink_simulated"
                        },
                        "plink_simulated.out:md5,90e32d562892e3cf174a4baf9f232a25"
                    ]
                ],
                "versions_genie": [
                    [
                        "GENIE_G",
                        "genie",
                        "1.1.1"
                    ]
                ],
                "wgxsum": [
                    
                ],
                "xsum": [
                    
                ]
            }
        ],
        "timestamp": "2026-09-02T23:22:43.804035289",
        "meta": {
            "nf-test": "0.9.5",
            "nextflow": "26.04.6"
        }
    },
    "homo_sapiens popgen - quantitative trait with covariates": {
        "content": [
            {
                "log": [
                    [
                        {
                            "id": "plink_simulated"
                        },
                        "plink_simulated.log"
                    ]
                ],
                "results": [
                    [
                        {
                            "id": "plink_simulated"
                        },
                        "plink_simulated.out:md5,925cc64002dbd7dd6ee32f00d8a54e9a"
                    ]
                ],
                "versions_genie": [
                    [
                        "GENIE_G",
                        "genie",
                        "1.1.1"
                    ]
                ],
                "wgxsum": [
                    
                ],
                "xsum": [
                    
                ]
            }
        ],
        "timestamp": "2026-09-02T23:20:50.775366719",
        "meta": {
            "nf-test": "0.9.5",
            "nextflow": "26.04.6"
        }
    },
    "homo_sapiens popgen - the memory-efficient executable agrees with the in-memory one": {
        "content": [
            {
                "log": [
                    [
                        {
                            "id": "plink_simulated"
                        },
                        "plink_simulated.log"
                    ]
                ],
                "results": [
                    [
                        {
                            "id": "plink_simulated"
                        },
                        "plink_simulated.out:md5,b4e129d0b48cad4e545783173092aba4"
                    ]
                ],
                "versions_genie": [
                    [
                        "GENIE_G",
                        "genie",
                        "1.1.1"
                    ]
                ],
                "wgxsum": [
                    [
                        {
                            "id": "plink_simulated"
                        },
                        "plink_simulated.out.wgxsum:md5,e80990c48e4bb3c38c32c47f39e96792"
                    ]
                ],
                "xsum": [
                    [
                        {
                            "id": "plink_simulated"
                        },
                        "plink_simulated.out.xsum:md5,c299a24d7401b79099e606d63dfbad01"
                    ]
                ]
            }
        ],
        "timestamp": "2026-09-02T23:21:17.705547951",
        "meta": {
            "nf-test": "0.9.5",
            "nextflow": "26.04.6"
        }
    },
    "homo_sapiens popgen - a two-component annotation fits two genetic variance components": {
        "content": [
            {
                "log": [
                    [
                        {
                            "id": "plink_simulated"
                        },
                        "plink_simulated.log"
                    ]
                ],
                "results": [
                    [
                        {
                            "id": "plink_simulated"
                        },
                        "plink_simulated.out:md5,8e9400d1404c5470548a23e81ec6099a"
                    ]
                ],
                "versions_genie": [
                    [
                        "GENIE_G",
                        "genie",
                        "1.1.1"
                    ]
                ],
                "wgxsum": [
                    
                ],
                "xsum": [
                    
                ]
            }
        ],
        "timestamp": "2026-09-02T23:21:32.395923462",
        "meta": {
            "nf-test": "0.9.5",
            "nextflow": "26.04.6"
        }
    },
    "homo_sapiens popgen - quantitative trait without covariates": {
        "content": [
            {
                "log": [
                    [
                        {
                            "id": "plink_simulated"
                        },
                        "plink_simulated.log"
                    ]
                ],
                "results": [
                    [
                        {
                            "id": "plink_simulated"
                        },
                        "plink_simulated.out:md5,bc143eaa44305d73a8c8f26c68fce936"
                    ]
                ],
                "versions_genie": [
                    [
                        "GENIE_G",
                        "genie",
                        "1.1.1"
                    ]
                ],
                "wgxsum": [
                    
                ],
                "xsum": [
                    
                ]
            }
        ],
        "timestamp": "2026-09-02T23:21:02.993541724",
        "meta": {
            "nf-test": "0.9.5",
            "nextflow": "26.04.6"
        }
    },
    "homo_sapiens popgen - stub with the memory-efficient executable": {
        "content": [
            {
                "log": [
                    [
                        {
                            "id": "plink_simulated"
                        },
                        "plink_simulated.log"
                    ]
                ],
                "results": [
                    [
                        {
                            "id": "plink_simulated"
                        },
                        "plink_simulated.out:md5,90e32d562892e3cf174a4baf9f232a25"
                    ]
                ],
                "versions_genie": [
                    [
                        "GENIE_G",
                        "genie",
                        "1.1.1"
                    ]
                ],
                "wgxsum": [
                    [
                        {
                            "id": "plink_simulated"
                        },
                        "plink_simulated.out.wgxsum:md5,d41d8cd98f00b204e9800998ecf8427e"
                    ]
                ],
                "xsum": [
                    [
                        {
                            "id": "plink_simulated"
                        },
                        "plink_simulated.out.xsum:md5,d41d8cd98f00b204e9800998ecf8427e"
                    ]
                ]
            }
        ],
        "timestamp": "2026-09-02T23:22:58.428049288",
        "meta": {
            "nf-test": "0.9.5",
            "nextflow": "26.04.6"
        }
    }
}